AR ex behavioral C:/Users/greg/Documents/labOrganosi/alu/EX.vhd sub00/vhpl47 1588502597
AR mux behavioral C:/Users/greg/Documents/labOrganosi/alu/mux.vhd sub00/vhpl03 1588411074
EN exmem NULL C:/Users/greg/Documents/labOrganosi/alu/EXMEM.vhd sub00/vhpl58 1588502818
AR mycloud behavioral C:/Users/greg/Documents/labOrganosi/alu/myCloud.vhd sub00/vhpl27 1588411082
EN memwb NULL C:/Users/greg/Documents/labOrganosi/alu/MEMWB.vhd sub00/vhpl60 1588334186
EN exstage NULL C:/Users/greg/Documents/labOrganosi/alu/EXSTAGE.vhd sub00/vhpl18 1588502740
EN mycloud NULL C:/Users/greg/Documents/labOrganosi/alu/myCloud.vhd sub00/vhpl26 1588411081
PB inarray inarray C:/Users/greg/Documents/labOrganosi/alu/mux.vhd sub00/vhpl01 1582818919
EN idex NULL C:/Users/greg/Documents/labOrganosi/alu/IDEX.vhd sub00/vhpl52 1588502602
AR myregister behavioral C:/Users/greg/Documents/labOrganosi/alu/register.vhd sub00/vhpl15 1588502815
AR memoffset behavioral C:/Users/greg/Documents/labOrganosi/alu/memOffset.vhd sub00/vhpl07 1588674458
AR decstage behavioral C:/Users/greg/Documents/labOrganosi/alu/DECSTAGE.vhd sub00/vhpl33 1588411092
EN ex NULL C:/Users/greg/Documents/labOrganosi/alu/EX.vhd sub00/vhpl46 1588502596
EN datapath NULL C:/Users/greg/Documents/labOrganosi/alu/DATAPATH.vhd sub00/vhpl22 1588411097
AR proc_sc behavioral C:/Users/greg/Documents/labOrganosi/alu/PROC_SC.vhd sub00/vhpl39 1587714602
AR idex behavioral C:/Users/greg/Documents/labOrganosi/alu/IDEX.vhd sub00/vhpl53 1588502603
EN mux2x1 NULL C:/Users/greg/Documents/labOrganosi/alu/mux2x1.vhd sub00/vhpl08 1588502734
AR ifstage behavioral C:/Users/greg/Documents/labOrganosi/alu/IFSTAGE.vhd sub00/vhpl17 1588411090
AR mux2x1 behavioral C:/Users/greg/Documents/labOrganosi/alu/mux2x1.vhd sub00/vhpl09 1588502735
EN memoffset NULL C:/Users/greg/Documents/labOrganosi/alu/memOffset.vhd sub00/vhpl06 1588674457
EN decstage NULL C:/Users/greg/Documents/labOrganosi/alu/DECSTAGE.vhd sub00/vhpl32 1588411091
AR register5 behavioral C:/Users/greg/Documents/labOrganosi/alu/register5.vhd sub00/vhpl55 1588502817
AR m behavioral C:/Users/greg/Documents/labOrganosi/alu/M.vhd sub00/vhpl49 1588502813
EN memstage NULL C:/Users/greg/Documents/labOrganosi/alu/MEMSTAGE.vhd sub00/vhpl20 1588674459
AR ram syn C:/Users/greg/Documents/labOrganosi/alu/RAM.vhd sub00/vhpl37 1587714600
AR decoder behavioral C:/Users/greg/Documents/labOrganosi/alu/decoder.vhd sub00/vhpl25 1588411070
AR register3 behavioral C:/Users/greg/Documents/labOrganosi/alu/register3bit.vhd sub00/vhpl43 1588333028
EN ifstage NULL C:/Users/greg/Documents/labOrganosi/alu/IFSTAGE.vhd sub00/vhpl16 1588411089
EN adder4 NULL C:/Users/greg/Documents/labOrganosi/alu/adder4.vhd sub00/vhpl12 1588411087
EN myregister NULL C:/Users/greg/Documents/labOrganosi/alu/register.vhd sub00/vhpl14 1588502814
AR register1 behavioral C:/Users/greg/Documents/labOrganosi/alu/register1.vhd sub00/vhpl41 1588502809
EN m NULL C:/Users/greg/Documents/labOrganosi/alu/M.vhd sub00/vhpl48 1588502812
EN proc_sc NULL C:/Users/greg/Documents/labOrganosi/alu/PROC_SC.vhd sub00/vhpl38 1587714601
EN wb NULL C:/Users/greg/Documents/labOrganosi/alu/WB.vhd sub00/vhpl50 1588502810
PH inarray NULL C:/Users/greg/Documents/labOrganosi/alu/mux.vhd sub00/vhpl00 1582818918
AR pc_immedadder behavioral C:/Users/greg/Documents/labOrganosi/alu/pc_immedAdder.vhd sub00/vhpl63 1588502739
EN pc_immedadder NULL C:/Users/greg/Documents/labOrganosi/alu/pc_immedAdder.vhd sub00/vhpl62 1588502738
EN register1 NULL C:/Users/greg/Documents/labOrganosi/alu/register1.vhd sub00/vhpl40 1588502808
EN register3 NULL C:/Users/greg/Documents/labOrganosi/alu/register3bit.vhd sub00/vhpl42 1588333027
EN mux2x1_5bit NULL C:/Users/greg/Documents/labOrganosi/alu/mux2x1_5bit.vhd sub00/vhpl28 1588411083
EN register4 NULL C:/Users/greg/Documents/labOrganosi/alu/register4.vhd sub00/vhpl44 1588502590
EN register5 NULL C:/Users/greg/Documents/labOrganosi/alu/register5.vhd sub00/vhpl54 1588502816
EN register6 NULL C:/Users/greg/Documents/labOrganosi/alu/register6.vhd sub00/vhpl56 1588332684
EN control NULL C:/Users/greg/Documents/labOrganosi/alu/CONTROL.vhd sub00/vhpl34 1587714597
AR wb behavioral C:/Users/greg/Documents/labOrganosi/alu/WB.vhd sub00/vhpl51 1588502811
EN mux NULL C:/Users/greg/Documents/labOrganosi/alu/mux.vhd sub00/vhpl02 1588411073
AR alu behavioral C:/Users/greg/Documents/labOrganosi/alu/alu.vhd sub00/vhpl11 1588502737
AR registerfile behavioral C:/Users/greg/Documents/labOrganosi/alu/registerFile.vhd sub00/vhpl31 1588411086
AR adder4 behavioral C:/Users/greg/Documents/labOrganosi/alu/adder4.vhd sub00/vhpl13 1588411088
AR exstage behavioral C:/Users/greg/Documents/labOrganosi/alu/EXSTAGE.vhd sub00/vhpl19 1588411094
EN ram NULL C:/Users/greg/Documents/labOrganosi/alu/RAM.vhd sub00/vhpl36 1587714599
AR control behavioral C:/Users/greg/Documents/labOrganosi/alu/CONTROL.vhd sub00/vhpl35 1587714598
EN testmux NULL C:/Users/greg/Documents/labOrganosi/alu/testMUX.vhd sub00/vhpl04 1582818922
EN decoder NULL C:/Users/greg/Documents/labOrganosi/alu/decoder.vhd sub00/vhpl24 1588411069
AR register6 behavioral C:/Users/greg/Documents/labOrganosi/alu/register6.vhd sub00/vhpl57 1588332685
AR memstage behavioral C:/Users/greg/Documents/labOrganosi/alu/MEMSTAGE.vhd sub00/vhpl21 1588674460
AR datapath behavioral C:/Users/greg/Documents/labOrganosi/alu/DATAPATH.vhd sub00/vhpl23 1588411098
AR memwb behavioral C:/Users/greg/Documents/labOrganosi/alu/MEMWB.vhd sub00/vhpl61 1588334187
PH matrix32 NULL C:/Users/greg/Documents/labOrganosi/alu/matrix.vhd sub00/vhpl05 1588411068
AR mux2x1_5bit behavioral C:/Users/greg/Documents/labOrganosi/alu/mux2x1_5bit.vhd sub00/vhpl29 1588411084
AR register4 behavioral C:/Users/greg/Documents/labOrganosi/alu/register4.vhd sub00/vhpl45 1588502591
EN alu NULL C:/Users/greg/Documents/labOrganosi/alu/alu.vhd sub00/vhpl10 1588502736
EN registerfile NULL C:/Users/greg/Documents/labOrganosi/alu/registerFile.vhd sub00/vhpl30 1588411085
AR exmem behavioral C:/Users/greg/Documents/labOrganosi/alu/EXMEM.vhd sub00/vhpl59 1588502819
