V3 119
FL C:/Users/greg/Documents/labOrganosi/alu/adder4.vhd 2020/03/09.20:08:26 O.87xd
EN work/adder4 1588411087 FL C:/Users/greg/Documents/labOrganosi/alu/adder4.vhd \
      PB ieee/std_logic_1164 1325952872 PB ieee/NUMERIC_STD 1325952877
AR work/adder4/Behavioral 1588411088 \
      FL C:/Users/greg/Documents/labOrganosi/alu/adder4.vhd EN work/adder4 1588411087
FL C:/Users/greg/Documents/labOrganosi/alu/alu.vhd 2020/04/14.12:47:28 O.87xd
EN work/alu 1588502736 FL C:/Users/greg/Documents/labOrganosi/alu/alu.vhd \
      PB ieee/std_logic_1164 1325952872 PB ieee/STD_LOGIC_UNSIGNED 1325952875 \
      PB ieee/NUMERIC_STD 1325952877
AR work/alu/Behavioral 1588502737 \
      FL C:/Users/greg/Documents/labOrganosi/alu/alu.vhd EN work/alu 1588502736
FL C:/Users/greg/Documents/labOrganosi/alu/CONTROL.vhd 2020/04/10.16:19:28 O.87xd
EN work/CONTROL 1587714597 FL C:/Users/greg/Documents/labOrganosi/alu/CONTROL.vhd \
      PB ieee/std_logic_1164 1325952872
AR work/CONTROL/Behavioral 1587714598 \
      FL C:/Users/greg/Documents/labOrganosi/alu/CONTROL.vhd EN work/CONTROL 1587714597
FL C:/Users/greg/Documents/labOrganosi/alu/DATAPATH.vhd 2020/05/02.12:17:27 O.87xd
EN work/DATAPATH 1588411097 \
      FL C:/Users/greg/Documents/labOrganosi/alu/DATAPATH.vhd \
      PB ieee/std_logic_1164 1325952872
AR work/DATAPATH/Behavioral 1588411098 \
      FL C:/Users/greg/Documents/labOrganosi/alu/DATAPATH.vhd EN work/DATAPATH 1588411097 \
      CP IFSTAGE CP DECSTAGE CP EXSTAGE CP MEMSTAGE
FL C:/Users/greg/Documents/labOrganosi/alu/decoder.vhd 2020/02/29.00:48:41 O.87xd
EN work/decoder 1588411069 FL C:/Users/greg/Documents/labOrganosi/alu/decoder.vhd \
      PB ieee/std_logic_1164 1325952872 PB ieee/NUMERIC_STD 1325952877
AR work/decoder/Behavioral 1588411070 \
      FL C:/Users/greg/Documents/labOrganosi/alu/decoder.vhd EN work/decoder 1588411069
FL C:/Users/greg/Documents/labOrganosi/alu/DECSTAGE.vhd 2020/04/08.14:00:19 O.87xd
EN work/DECSTAGE 1588411091 \
      FL C:/Users/greg/Documents/labOrganosi/alu/DECSTAGE.vhd \
      PB ieee/std_logic_1164 1325952872
AR work/DECSTAGE/Behavioral 1588411092 \
      FL C:/Users/greg/Documents/labOrganosi/alu/DECSTAGE.vhd EN work/DECSTAGE 1588411091 \
      CP myCloud CP mux2x1_5bit CP mux2x1 CP registerFile
FL C:/Users/greg/Documents/labOrganosi/alu/EX.vhd 2020/05/03.12:45:07 O.87xd
EN work/EX 1588502596 FL C:/Users/greg/Documents/labOrganosi/alu/EX.vhd \
      PB ieee/std_logic_1164 1325952872
AR work/EX/Behavioral 1588502597 \
      FL C:/Users/greg/Documents/labOrganosi/alu/EX.vhd EN work/EX 1588502596 \
      CP register1 CP register4
FL C:/Users/greg/Documents/labOrganosi/alu/EXMEM.vhd 2020/05/01.14:56:15 O.87xd
EN work/EXMEM 1588502818 FL C:/Users/greg/Documents/labOrganosi/alu/EXMEM.vhd \
      PB ieee/std_logic_1164 1325952872
AR work/EXMEM/Behavioral 1588502819 \
      FL C:/Users/greg/Documents/labOrganosi/alu/EXMEM.vhd EN work/EXMEM 1588502818 \
      CP WB CP M CP myregister CP register1 CP register5
FL C:/Users/greg/Documents/labOrganosi/alu/EXSTAGE.vhd 2020/03/10.17:10:52 O.87xd
EN work/EXSTAGE 1588411093 FL C:/Users/greg/Documents/labOrganosi/alu/EXSTAGE.vhd \
      PB ieee/std_logic_1164 1325952872
AR work/EXSTAGE/Behavioral 1588411094 \
      FL C:/Users/greg/Documents/labOrganosi/alu/EXSTAGE.vhd EN work/EXSTAGE 1588411093 \
      CP mux2x1 CP alu CP pc_immedAdder
FL C:/Users/greg/Documents/labOrganosi/alu/IDEX.vhd 2020/05/03.13:43:01 O.87xd
EN work/IDEX 1588502602 FL C:/Users/greg/Documents/labOrganosi/alu/IDEX.vhd \
      PB ieee/std_logic_1164 1325952872
AR work/IDEX/Behavioral 1588502603 \
      FL C:/Users/greg/Documents/labOrganosi/alu/IDEX.vhd EN work/IDEX 1588502602 \
      CP WB CP M CP EX CP myregister CP register5
FL C:/Users/greg/Documents/labOrganosi/alu/IFSTAGE.vhd 2020/03/30.11:18:05 O.87xd
EN work/IFSTAGE 1588411089 FL C:/Users/greg/Documents/labOrganosi/alu/IFSTAGE.vhd \
      PB ieee/std_logic_1164 1325952872 PB ieee/STD_LOGIC_UNSIGNED 1325952875
AR work/IFSTAGE/Behavioral 1588411090 \
      FL C:/Users/greg/Documents/labOrganosi/alu/IFSTAGE.vhd EN work/IFSTAGE 1588411089 \
      CP adder4 CP mux2x1 CP myregister
FL C:/Users/greg/Documents/labOrganosi/alu/M.vhd 2020/05/01.13:39:14 O.87xd
EN work/M 1588502812 FL C:/Users/greg/Documents/labOrganosi/alu/M.vhd \
      PB ieee/std_logic_1164 1325952872
AR work/M/Behavioral 1588502813 \
      FL C:/Users/greg/Documents/labOrganosi/alu/M.vhd EN work/M 1588502812 \
      CP register1
FL C:/Users/greg/Documents/labOrganosi/alu/matrix.vhd 2020/02/28.00:44:37 O.87xd
PH work/matrix32 1588411068 FL C:/Users/greg/Documents/labOrganosi/alu/matrix.vhd \
      PB ieee/std_logic_1164 1325952872
FL C:/Users/greg/Documents/labOrganosi/alu/memOffset.vhd 2020/03/11.15:24:25 O.87xd
EN work/memOffset 1588674457 \
      FL C:/Users/greg/Documents/labOrganosi/alu/memOffset.vhd \
      PB ieee/std_logic_1164 1325952872 PB ieee/NUMERIC_STD 1325952877
AR work/memOffset/Behavioral 1588674458 \
      FL C:/Users/greg/Documents/labOrganosi/alu/memOffset.vhd EN work/memOffset 1588674457
FL C:/Users/greg/Documents/labOrganosi/alu/MEMSTAGE.vhd 2020/05/05.13:27:28 O.87xd
EN work/MEMSTAGE 1588674459 \
      FL C:/Users/greg/Documents/labOrganosi/alu/MEMSTAGE.vhd \
      PB ieee/std_logic_1164 1325952872 PB ieee/NUMERIC_STD 1325952877
AR work/MEMSTAGE/Behavioral 1588674460 \
      FL C:/Users/greg/Documents/labOrganosi/alu/MEMSTAGE.vhd EN work/MEMSTAGE 1588674459 \
      CP memOffset
FL C:/Users/greg/Documents/labOrganosi/alu/MEMWB.vhd 2020/05/01.14:55:59 O.87xd
EN work/MEMWB 1588334186 FL C:/Users/greg/Documents/labOrganosi/alu/MEMWB.vhd \
      PB ieee/std_logic_1164 1325952872
AR work/MEMWB/Behavioral 1588334187 \
      FL C:/Users/greg/Documents/labOrganosi/alu/MEMWB.vhd EN work/MEMWB 1588334186 \
      CP WB CP myregister CP register5
FL C:/Users/greg/Documents/labOrganosi/alu/mux.vhd 2020/04/02.18:32:16 O.87xd
EN work/mux 1588411073 FL C:/Users/greg/Documents/labOrganosi/alu/mux.vhd \
      PB ieee/std_logic_1164 1325952872 PB ieee/NUMERIC_STD 1325952877 \
      PH work/matrix32 1588411068
AR work/mux/Behavioral 1588411074 \
      FL C:/Users/greg/Documents/labOrganosi/alu/mux.vhd EN work/mux 1588411073
FL C:/Users/greg/Documents/labOrganosi/alu/mux2x1.vhd 2020/03/09.20:24:36 O.87xd
EN work/mux2x1 1588502734 FL C:/Users/greg/Documents/labOrganosi/alu/mux2x1.vhd \
      PB ieee/std_logic_1164 1325952872
AR work/mux2x1/Behavioral 1588502735 \
      FL C:/Users/greg/Documents/labOrganosi/alu/mux2x1.vhd EN work/mux2x1 1588502734
FL C:/Users/greg/Documents/labOrganosi/alu/mux2x1_5bit.vhd 2020/03/10.15:11:24 O.87xd
EN work/mux2x1_5bit 1588411083 \
      FL C:/Users/greg/Documents/labOrganosi/alu/mux2x1_5bit.vhd \
      PB ieee/std_logic_1164 1325952872
AR work/mux2x1_5bit/Behavioral 1588411084 \
      FL C:/Users/greg/Documents/labOrganosi/alu/mux2x1_5bit.vhd \
      EN work/mux2x1_5bit 1588411083
FL C:/Users/greg/Documents/labOrganosi/alu/myCloud.vhd 2020/03/25.20:38:55 O.87xd
EN work/myCloud 1588411081 FL C:/Users/greg/Documents/labOrganosi/alu/myCloud.vhd \
      PB ieee/std_logic_1164 1325952872 PB ieee/NUMERIC_STD 1325952877 \
      PB ieee/STD_LOGIC_SIGNED 1325952874
AR work/myCloud/Behavioral 1588411082 \
      FL C:/Users/greg/Documents/labOrganosi/alu/myCloud.vhd EN work/myCloud 1588411081
FL C:/Users/greg/Documents/labOrganosi/alu/pc_immedAdder.vhd 2020/05/03.13:33:50 O.87xd
EN work/pc_immedAdder 1588502738 \
      FL C:/Users/greg/Documents/labOrganosi/alu/pc_immedAdder.vhd \
      PB ieee/std_logic_1164 1325952872 PB ieee/NUMERIC_STD 1325952877 \
      PB ieee/STD_LOGIC_UNSIGNED 1325952875
AR work/pc_immedAdder/Behavioral 1588502739 \
      FL C:/Users/greg/Documents/labOrganosi/alu/pc_immedAdder.vhd \
      EN work/pc_immedAdder 1588502738
FL C:/Users/greg/Documents/labOrganosi/alu/PROC_SC.vhd 2020/04/08.15:12:44 O.87xd
EN work/PROC_SC 1587714601 FL C:/Users/greg/Documents/labOrganosi/alu/PROC_SC.vhd \
      PB ieee/std_logic_1164 1325952872
AR work/PROC_SC/Behavioral 1587714602 \
      FL C:/Users/greg/Documents/labOrganosi/alu/PROC_SC.vhd EN work/PROC_SC 1587714601 \
      CP DATAPATH CP CONTROL CP RAM
FL C:/Users/greg/Documents/labOrganosi/alu/RAM.vhd 2020/03/11.13:58:43 O.87xd
EN work/RAM 1587714599 FL C:/Users/greg/Documents/labOrganosi/alu/RAM.vhd \
      PB ieee/std_logic_1164 1325952872 PB ieee/STD_LOGIC_UNSIGNED 1325952875 \
      PB std/TEXTIO 1325952871 PB ieee/STD_LOGIC_TEXTIO 1325952876
AR work/RAM/syn 1587714600 \
      FL C:/Users/greg/Documents/labOrganosi/alu/RAM.vhd EN work/RAM 1587714599
FL C:/Users/greg/Documents/labOrganosi/alu/register.vhd 2020/03/10.13:46:33 O.87xd
EN work/myregister 1588502814 \
      FL C:/Users/greg/Documents/labOrganosi/alu/register.vhd \
      PB ieee/std_logic_1164 1325952872
AR work/myregister/Behavioral 1588502815 \
      FL C:/Users/greg/Documents/labOrganosi/alu/register.vhd EN work/myregister 1588502814
FL C:/Users/greg/Documents/labOrganosi/alu/register1.vhd 2020/05/01.13:28:50 O.87xd
EN work/register1 1588502808 \
      FL C:/Users/greg/Documents/labOrganosi/alu/register1.vhd \
      PB ieee/std_logic_1164 1325952872
AR work/register1/Behavioral 1588502809 \
      FL C:/Users/greg/Documents/labOrganosi/alu/register1.vhd EN work/register1 1588502808
FL C:/Users/greg/Documents/labOrganosi/alu/register3bit.vhd 2020/05/01.13:20:54 O.87xd
EN work/register3 1588333027 \
      FL C:/Users/greg/Documents/labOrganosi/alu/register3bit.vhd \
      PB ieee/std_logic_1164 1325952872
AR work/register3/Behavioral 1588333028 \
      FL C:/Users/greg/Documents/labOrganosi/alu/register3bit.vhd \
      EN work/register3 1588333027
FL C:/Users/greg/Documents/labOrganosi/alu/register4.vhd 2020/05/01.13:20:00 O.87xd
EN work/register4 1588502590 \
      FL C:/Users/greg/Documents/labOrganosi/alu/register4.vhd \
      PB ieee/std_logic_1164 1325952872
AR work/register4/Behavioral 1588502591 \
      FL C:/Users/greg/Documents/labOrganosi/alu/register4.vhd EN work/register4 1588502590
FL C:/Users/greg/Documents/labOrganosi/alu/register5.vhd 2020/05/01.14:29:53 O.87xd
EN work/register5 1588502816 \
      FL C:/Users/greg/Documents/labOrganosi/alu/register5.vhd \
      PB ieee/std_logic_1164 1325952872
AR work/register5/Behavioral 1588502817 \
      FL C:/Users/greg/Documents/labOrganosi/alu/register5.vhd EN work/register5 1588502816
FL C:/Users/greg/Documents/labOrganosi/alu/register6.vhd 2020/05/01.14:30:06 O.87xd
EN work/register6 1588332684 \
      FL C:/Users/greg/Documents/labOrganosi/alu/register6.vhd \
      PB ieee/std_logic_1164 1325952872
AR work/register6/Behavioral 1588332685 \
      FL C:/Users/greg/Documents/labOrganosi/alu/register6.vhd EN work/register6 1588332684
FL C:/Users/greg/Documents/labOrganosi/alu/registerFile.vhd 2020/03/10.13:59:17 O.87xd
EN work/registerFile 1588411085 \
      FL C:/Users/greg/Documents/labOrganosi/alu/registerFile.vhd \
      PB ieee/std_logic_1164 1325952872 PH work/matrix32 1588411068
AR work/registerFile/Behavioral 1588411086 \
      FL C:/Users/greg/Documents/labOrganosi/alu/registerFile.vhd \
      EN work/registerFile 1588411085 CP decoder CP myregister CP mux
FL C:/Users/greg/Documents/labOrganosi/alu/testMUX.vhd 2020/02/27.17:23:28 O.87xd
EN work/testMUX 0 FL C:/Users/greg/Documents/labOrganosi/alu/testMUX.vhd \
      PB ieee/std_logic_1164 1325952872 PB ieee/NUMERIC_STD 1325952877
AR work/testMUX/behavior 0 \
      FL C:/Users/greg/Documents/labOrganosi/alu/testMUX.vhd EN work/testMUX 0 \
      CP mux
FL C:/Users/greg/Documents/labOrganosi/alu/WB.vhd 2020/05/01.14:04:07 O.87xd
EN work/WB 1588502810 FL C:/Users/greg/Documents/labOrganosi/alu/WB.vhd \
      PB ieee/std_logic_1164 1325952872
AR work/WB/Behavioral 1588502811 \
      FL C:/Users/greg/Documents/labOrganosi/alu/WB.vhd EN work/WB 1588502810 \
      CP register1
