AR mux behavioral C:/Users/greg/Documents/labOrganosi/alu/mux.vhd sub00/vhpl03 1582818921
EN exstage NULL C:/Users/greg/Documents/labOrganosi/alu/EXSTAGE.vhd sub00/vhpl18 1585833139
PB inarray inarray C:/Users/greg/Documents/labOrganosi/alu/mux.vhd sub00/vhpl01 1582818919
AR myregister behavioral C:/Users/greg/Documents/labOrganosi/alu/register.vhd sub00/vhpl15 1585833136
AR memoffset behavioral C:/Users/greg/Documents/labOrganosi/alu/memOffset.vhd sub00/vhpl07 1585833128
EN datapath NULL C:/Users/greg/Documents/labOrganosi/alu/DATAPATH.vhd sub00/vhpl22 1585833143
EN mux2x1 NULL C:/Users/greg/Documents/labOrganosi/alu/mux2x1.vhd sub00/vhpl08 1585833129
AR ifstage behavioral C:/Users/greg/Documents/labOrganosi/alu/IFSTAGE.vhd sub00/vhpl17 1585833138
AR mux2x1 behavioral C:/Users/greg/Documents/labOrganosi/alu/mux2x1.vhd sub00/vhpl09 1585833130
EN memoffset NULL C:/Users/greg/Documents/labOrganosi/alu/memOffset.vhd sub00/vhpl06 1585833127
EN memstage NULL C:/Users/greg/Documents/labOrganosi/alu/MEMSTAGE.vhd sub00/vhpl20 1585833141
EN ifstage NULL C:/Users/greg/Documents/labOrganosi/alu/IFSTAGE.vhd sub00/vhpl16 1585833137
EN adder4 NULL C:/Users/greg/Documents/labOrganosi/alu/adder4.vhd sub00/vhpl12 1585833133
EN myregister NULL C:/Users/greg/Documents/labOrganosi/alu/register.vhd sub00/vhpl14 1585833135
PH inarray NULL C:/Users/greg/Documents/labOrganosi/alu/mux.vhd sub00/vhpl00 1582818918
EN mux NULL C:/Users/greg/Documents/labOrganosi/alu/mux.vhd sub00/vhpl02 1582818920
AR alu behavioral C:/Users/greg/Documents/labOrganosi/alu/alu.vhd sub00/vhpl11 1585833132
AR adder4 behavioral C:/Users/greg/Documents/labOrganosi/alu/adder4.vhd sub00/vhpl13 1585833134
AR exstage behavioral C:/Users/greg/Documents/labOrganosi/alu/EXSTAGE.vhd sub00/vhpl19 1585833140
EN testmux NULL C:/Users/greg/Documents/labOrganosi/alu/testMUX.vhd sub00/vhpl04 1582818922
AR memstage behavioral C:/Users/greg/Documents/labOrganosi/alu/MEMSTAGE.vhd sub00/vhpl21 1585833142
AR datapath behavioral C:/Users/greg/Documents/labOrganosi/alu/DATAPATH.vhd sub00/vhpl23 1585833144
PH matrix32 NULL C:/Users/greg/Documents/labOrganosi/alu/matrix.vhd sub00/vhpl05 1582839885
EN alu NULL C:/Users/greg/Documents/labOrganosi/alu/alu.vhd sub00/vhpl10 1585833131
