V3 47
FL C:/Users/greg/Documents/labOrganosi/alu/adder4.vhd 2020/03/09.20:08:26 O.87xd
EN work/adder4 1585833133 FL C:/Users/greg/Documents/labOrganosi/alu/adder4.vhd \
      PB ieee/std_logic_1164 1325952872 PB ieee/NUMERIC_STD 1325952877
AR work/adder4/Behavioral 1585833134 \
      FL C:/Users/greg/Documents/labOrganosi/alu/adder4.vhd EN work/adder4 1585833133
FL C:/Users/greg/Documents/labOrganosi/alu/alu.vhd 2020/03/10.13:23:45 O.87xd
EN work/alu 1585833131 FL C:/Users/greg/Documents/labOrganosi/alu/alu.vhd \
      PB ieee/std_logic_1164 1325952872 PB ieee/STD_LOGIC_UNSIGNED 1325952875 \
      PB ieee/NUMERIC_STD 1325952877
AR work/alu/Behavioral 1585833132 \
      FL C:/Users/greg/Documents/labOrganosi/alu/alu.vhd EN work/alu 1585833131
FL C:/Users/greg/Documents/labOrganosi/alu/DATAPATH.vhd 2020/04/01.20:55:36 O.87xd
EN work/DATAPATH 1585833143 \
      FL C:/Users/greg/Documents/labOrganosi/alu/DATAPATH.vhd \
      PB ieee/std_logic_1164 1325952872
AR work/DATAPATH/Behavioral 1585833144 \
      FL C:/Users/greg/Documents/labOrganosi/alu/DATAPATH.vhd EN work/DATAPATH 1585833143 \
      CP IFSTAGE CP DECSTATE CP EXSTAGE CP MEMSTAGE
FL C:/Users/greg/Documents/labOrganosi/alu/EXSTAGE.vhd 2020/03/10.17:10:52 O.87xd
EN work/EXSTAGE 1585833139 FL C:/Users/greg/Documents/labOrganosi/alu/EXSTAGE.vhd \
      PB ieee/std_logic_1164 1325952872
AR work/EXSTAGE/Behavioral 1585833140 \
      FL C:/Users/greg/Documents/labOrganosi/alu/EXSTAGE.vhd EN work/EXSTAGE 1585833139 \
      CP mux2x1 CP alu
FL C:/Users/greg/Documents/labOrganosi/alu/IFSTAGE.vhd 2020/03/30.11:18:05 O.87xd
EN work/IFSTAGE 1585833137 FL C:/Users/greg/Documents/labOrganosi/alu/IFSTAGE.vhd \
      PB ieee/std_logic_1164 1325952872 PB ieee/STD_LOGIC_UNSIGNED 1325952875
AR work/IFSTAGE/Behavioral 1585833138 \
      FL C:/Users/greg/Documents/labOrganosi/alu/IFSTAGE.vhd EN work/IFSTAGE 1585833137 \
      CP adder4 CP mux2x1 CP myregister
FL C:/Users/greg/Documents/labOrganosi/alu/matrix.vhd 2020/02/27.23:44:37 O.87xd
PH work/matrix32 1582839885 FL C:/Users/greg/Documents/labOrganosi/alu/matrix.vhd \
      PB ieee/std_logic_1164 1325952872
FL C:/Users/greg/Documents/labOrganosi/alu/memOffset.vhd 2020/03/11.15:24:25 O.87xd
EN work/memOffset 1585833127 \
      FL C:/Users/greg/Documents/labOrganosi/alu/memOffset.vhd \
      PB ieee/std_logic_1164 1325952872 PB ieee/NUMERIC_STD 1325952877
AR work/memOffset/Behavioral 1585833128 \
      FL C:/Users/greg/Documents/labOrganosi/alu/memOffset.vhd EN work/memOffset 1585833127
FL C:/Users/greg/Documents/labOrganosi/alu/MEMSTAGE.vhd 2020/03/30.10:48:52 O.87xd
EN work/MEMSTAGE 1585833141 \
      FL C:/Users/greg/Documents/labOrganosi/alu/MEMSTAGE.vhd \
      PB ieee/std_logic_1164 1325952872
AR work/MEMSTAGE/Behavioral 1585833142 \
      FL C:/Users/greg/Documents/labOrganosi/alu/MEMSTAGE.vhd EN work/MEMSTAGE 1585833141 \
      CP memOffset
FL C:/Users/greg/Documents/labOrganosi/alu/mux.vhd 2020/02/27.16:56:31 O.87xd
PH work/inArray 1582818918 FL C:/Users/greg/Documents/labOrganosi/alu/mux.vhd \
      PB ieee/std_logic_1164 1325952872
PB work/inArray 1582818919 \
      FL C:/Users/greg/Documents/labOrganosi/alu/mux.vhd PH work/inArray 1582818918
EN work/mux 1582818920 \
      FL C:/Users/greg/Documents/labOrganosi/alu/mux.vhd PB ieee/std_logic_1164 1325952872 \
      PB ieee/NUMERIC_STD 1325952877 PB work/inArray 1582818919
AR work/mux/Behavioral 1582818921 \
      FL C:/Users/greg/Documents/labOrganosi/alu/mux.vhd EN work/mux 1582818920
FL C:/Users/greg/Documents/labOrganosi/alu/mux2x1.vhd 2020/03/09.20:24:36 O.87xd
EN work/mux2x1 1585833129 FL C:/Users/greg/Documents/labOrganosi/alu/mux2x1.vhd \
      PB ieee/std_logic_1164 1325952872
AR work/mux2x1/Behavioral 1585833130 \
      FL C:/Users/greg/Documents/labOrganosi/alu/mux2x1.vhd EN work/mux2x1 1585833129
FL C:/Users/greg/Documents/labOrganosi/alu/register.vhd 2020/03/10.13:46:33 O.87xd
EN work/myregister 1585833135 \
      FL C:/Users/greg/Documents/labOrganosi/alu/register.vhd \
      PB ieee/std_logic_1164 1325952872
AR work/myregister/Behavioral 1585833136 \
      FL C:/Users/greg/Documents/labOrganosi/alu/register.vhd EN work/myregister 1585833135
FL C:/Users/greg/Documents/labOrganosi/alu/testMUX.vhd 2020/02/27.17:23:28 O.87xd
EN work/testMUX 0 FL C:/Users/greg/Documents/labOrganosi/alu/testMUX.vhd \
      PB ieee/std_logic_1164 1325952872 PB ieee/NUMERIC_STD 1325952877
AR work/testMUX/behavior 0 \
      FL C:/Users/greg/Documents/labOrganosi/alu/testMUX.vhd EN work/testMUX 0 \
      CP mux
